[backblue.gif]
[fade.gif]
[index.html]
[cdnjs.cloudflare.com/ajax/libs/font-awesome/4.7.0/css/font-awesome.min.css]
[demo.diothemes.com/html/kadirov-fitness/assets/images/logo.png]
[demo.diothemes.com/html/kadirov-fitness/assets/images/logo2.png]
[demo.diothemes.com/html/kadirov-fitness/assets/images/cate-1.jpg]
[demo.diothemes.com/html/kadirov-fitness/assets/images/cate-2.jpg]
[demo.diothemes.com/html/kadirov-fitness/assets/images/cate-3.jpg]
[demo.diothemes.com/html/kadirov-fitness/assets/images/intro-1.jpg]
[demo.diothemes.com/html/kadirov-fitness/assets/images/gallery-1.jpg]
[demo.diothemes.com/html/kadirov-fitness/assets/images/gallery-2.jpg]
[demo.diothemes.com/html/kadirov-fitness/assets/images/gallery-3.jpg]
[demo.diothemes.com/html/kadirov-fitness/assets/images/gallery-4.jpg]
[demo.diothemes.com/html/kadirov-fitness/assets/images/gallery-5.jpg]
[demo.diothemes.com/html/kadirov-fitness/assets/images/gallery-6.jpg]
[demo.diothemes.com/html/kadirov-fitness/assets/images/gallery-7.jpg]
[demo.diothemes.com/html/kadirov-fitness/assets/images/gallery-8.jpg]
[demo.diothemes.com/html/kadirov-fitness/assets/images/success-01.jpg]
[demo.diothemes.com/html/kadirov-fitness/assets/images/success-story1.png]
[demo.diothemes.com/html/kadirov-fitness/assets/images/success-02.jpg]
[demo.diothemes.com/html/kadirov-fitness/assets/images/success-03.jpg]
[demo.diothemes.com/html/kadirov-fitness/assets/images/success-04.jpg]
[demo.diothemes.com/html/kadirov-fitness/assets/images/trainer-01.jpg]
[demo.diothemes.com/html/kadirov-fitness/assets/images/trainer-02.jpg]
[demo.diothemes.com/html/kadirov-fitness/assets/images/trainer-03.jpg]
[demo.diothemes.com/html/kadirov-fitness/assets/images/trainer-04.jpg]
[demo.diothemes.com/html/kadirov-fitness/assets/images/news-01.jpg]
[demo.diothemes.com/html/kadirov-fitness/assets/images/news-02.jpg]
[demo.diothemes.com/html/kadirov-fitness/assets/images/news-03.jpg]
[demo.diothemes.com/html/kadirov-fitness/assets/images/footer(1).jpg]
[demo.diothemes.com/html/kadirov-fitness/assets/images/footer(2).jpg]
[demo.diothemes.com/html/kadirov-fitness/assets/images/footer(3).jpg]
[demo.diothemes.com/html/kadirov-fitness/assets/images/footer(4).jpg]
[demo.diothemes.com/html/kadirov-fitness/assets/images/footer(5).jpg]
[demo.diothemes.com/html/kadirov-fitness/assets/images/footer(6).jpg]
[demo.diothemes.com/html/kadirov-fitness/assets/images/footer(7).jpg]
[demo.diothemes.com/html/kadirov-fitness/assets/images/footer(8).jpg]
[demo.diothemes.com/html/kadirov-fitness/assets/images/footer(9).jpg]
[ajax.googleapis.com/ajax/libs/jquery/1.12.4/jquery.min.js]
[cdnjs.cloudflare.com/ajax/libs/popper.js/1.14.7/umd/popper.min.js]
[maxcdn.bootstrapcdn.com/bootstrap/4.3.1/js/bootstrap.min.js]
[demo.diothemes.com/html/kadirov-fitness/assets/js/jquery.magnific-popup.min.js]
[demo.diothemes.com/html/kadirov-fitness/assets/slick-master/slick/slick.min.js]
[demo.diothemes.com/html/kadirov-fitness/assets/wow-master/dist/wow.min.js]
[demo.diothemes.com/html/kadirov-fitness/assets/js/fitness.js]
[demo.diothemes.com/html/kadirov-fitness/index.html]
[demo.diothemes.com/html/kadirov-fitness/assets/css/bootstrap.min.css]
[cdnjs.cloudflare.com/ajax/libs/font-awesome/4.7.0/css/font-awesome.min.css]
[demo.diothemes.com/html/kadirov-fitness/assets/css/magnific-popup.css]
[demo.diothemes.com/html/kadirov-fitness/assets/slick-master/slick/ajax-loader.gif]
[demo.diothemes.com/html/kadirov-fitness/assets/slick-master/slick/fonts/slick.eot]
[demo.diothemes.com/html/kadirov-fitness/assets/slick-master/slick/fonts/slickd41d.eot]
[demo.diothemes.com/html/kadirov-fitness/assets/slick-master/slick/fonts/slick.woff]
[demo.diothemes.com/html/kadirov-fitness/assets/slick-master/slick/fonts/slick.ttf]
[demo.diothemes.com/html/kadirov-fitness/assets/slick-master/slick/slick-theme.css]
[demo.diothemes.com/html/kadirov-fitness/assets/slick-master/slick/slick.css]
[demo.diothemes.com/html/kadirov-fitness/assets/animate.css-master/animate.min.css]
[demo.diothemes.com/html/kadirov-fitness/assets/fonts/Plateia_Bold.ttf]
[demo.diothemes.com/html/kadirov-fitness/assets/images/header1.jpg]
[demo.diothemes.com/html/kadirov-fitness/assets/images/header2.jpg]
[demo.diothemes.com/html/kadirov-fitness/assets/images/header3.jpg]
[demo.diothemes.com/html/kadirov-fitness/assets/images/header4.jpg]
[demo.diothemes.com/html/kadirov-fitness/assets/images/steps-bg.jpg]
[demo.diothemes.com/html/kadirov-fitness/assets/images/gallery.jpg]
[demo.diothemes.com/html/kadirov-fitness/assets/images/tick.png]
[demo.diothemes.com/html/kadirov-fitness/assets/images/choose-us.jpg]
[demo.diothemes.com/html/kadirov-fitness/assets/images/our-trainers.jpg]
[demo.diothemes.com/html/kadirov-fitness/assets/images/contact-us-bg.jpg]
[demo.diothemes.com/html/kadirov-fitness/assets/css/fitness.css]
[demo.diothemes.com/html/kadirov-fitness/index-2.html]
[demo.diothemes.com/html/kadirov-fitness/1.html]
[demo.diothemes.com/html/kadirov-fitness/2.html]
[demo.diothemes.com/html/kadirov-fitness/3.html]
[demo.diothemes.com/html/kadirov-fitness/4.html]
[demo.diothemes.com/html/kadirov-fitness/assets/slick-master/slick/fonts/slick.svg]
